     1 00000000                                 [FORMAT "WCOFF"]
     2 00000000                                 [INSTRSET "i486p"]
     3 00000000                                 [OPTIMIZE 1]
     4 00000000                                 [OPTION 1]
     5 00000000                                 [BITS 32]
     6 00000000                                 	EXTERN	_api_getlang
     7 00000000                                 	EXTERN	_api_end
     8 00000000                                 	EXTERN	_s2.1
     9 00000000                                 	EXTERN	_api_putstr0
    10 00000000                                 	EXTERN	_s1.0
    11 00000000                                 [FILE "chklang.c"]
    12                                          [SECTION .data]
    13 00000000                                 _s1.0:
    14 00000000 93                              	DB	-109
    15 00000001 FA                              	DB	-6
    16 00000002 96                              	DB	-106
    17 00000003 7B                              	DB	123
    18 00000004 8C                              	DB	-116
    19 00000005 EA                              	DB	-22
    20 00000006 83                              	DB	-125
    21 00000007 56                              	DB	86
    22 00000008 83                              	DB	-125
    23 00000009 74                              	DB	116
    24 0000000A 83                              	DB	-125
    25 0000000B 67                              	DB	103
    26 0000000C 4A                              	DB	74
    27 0000000D 49                              	DB	73
    28 0000000E 53                              	DB	83
    29 0000000F 83                              	DB	-125
    30 00000010 82                              	DB	-126
    31 00000011 81                              	DB	-127
    32 00000012 5B                              	DB	91
    33 00000013 83                              	DB	-125
    34 00000014 68                              	DB	104
    35 00000015 0A                              	DB	10
    36 00000016 00                              	DB	0
    37 00000017                                 _s2.1:
    38 00000017 C6                              	DB	-58
    39 00000018 FC                              	DB	-4
    40 00000019 CB                              	DB	-53
    41 0000001A DC                              	DB	-36
    42 0000001B B8                              	DB	-72
    43 0000001C EC                              	DB	-20
    44 0000001D 45                              	DB	69
    45 0000001E 55                              	DB	85
    46 0000001F 43                              	DB	67
    47 00000020 A5                              	DB	-91
    48 00000021 E2                              	DB	-30
    49 00000022 A1                              	DB	-95
    50 00000023 BC                              	DB	-68
    51 00000024 A5                              	DB	-91
    52 00000025 C9                              	DB	-55
    53 00000026 0A                              	DB	10
    54 00000027 00                              	DB	0
    55 00000028                                 LC0:
    56 00000028 45 6E 67 6C 69 73 68 20 41 53   	DB	"English ASCII mode",0x0A,0x00
       00000032 43 49 49 20 6D 6F 64 65 0A 00 
    57                                          [SECTION .text]
    58 00000000                                 	GLOBAL	_HariMain
    59 00000000                                 _HariMain:
    60 00000000 55                              	PUSH	EBP
    61 00000001 89 E5                           	MOV	EBP,ESP
    62 00000003 E8 [00000000]                   	CALL	_api_getlang
    63 00000008 85 C0                           	TEST	EAX,EAX
    64 0000000A 74 24                           	JE	L8
    65 0000000C 83 F8 01                        	CMP	EAX,1
    66 0000000F 74 18                           	JE	L9
    67 00000011 83 F8 02                        	CMP	EAX,2
    68 00000014 74 06                           	JE	L10
    69 00000016                                 L3:
    70 00000016 C9                              	LEAVE
    71 00000017 E9 [00000000]                   	JMP	_api_end
    72 0000001C                                 L10:
    73 0000001C 68 [00000017]                   	PUSH	_s2.1
    74 00000021                                 L7:
    75 00000021 E8 [00000000]                   	CALL	_api_putstr0
    76 00000026 58                              	POP	EAX
    77 00000027 EB ED                           	JMP	L3
    78 00000029                                 L9:
    79 00000029 68 [00000000]                   	PUSH	_s1.0
    80 0000002E EB F1                           	JMP	L7
    81 00000030                                 L8:
    82 00000030 68 [00000028]                   	PUSH	LC0
    83 00000035 EB EA                           	JMP	L7
