     1 00000000                                 [FORMAT "WCOFF"]
     2 00000000                                 [INSTRSET "i486p"]
     3 00000000                                 [OPTIMIZE 1]
     4 00000000                                 [OPTION 1]
     5 00000000                                 [BITS 32]
     6 00000000                                 	EXTERN	__alloca
     7 00000000                                 	EXTERN	_api_openwin
     8 00000000                                 	EXTERN	_api_boxfillwin
     9 00000000                                 	EXTERN	_api_putstrwin
    10 00000000                                 	EXTERN	_api_end
    11 00000000                                 [FILE "winhelo2.c"]
    12                                          [SECTION .data]
    13 00000000                                 LC0:
    14 00000000 68 65 6C 6C 6F 00               	DB	"hello",0x00
    15 00000006                                 LC1:
    16 00000006 68 65 6C 6C 6F 2C 20 77 6F 72   	DB	"hello, world",0x00
       00000010 6C 64 00 
    17                                          [SECTION .text]
    18 00000000                                 	GLOBAL	_HariMain
    19 00000000                                 _HariMain:
    20 00000000 55                              	PUSH	EBP
    21 00000001 B8 00001D50                     	MOV	EAX,7504
    22 00000006 89 E5                           	MOV	EBP,ESP
    23 00000008 53                              	PUSH	EBX
    24 00000009 E8 [00000000]                   	CALL	__alloca
    25 0000000E 68 [00000000]                   	PUSH	LC0
    26 00000013 6A FF                           	PUSH	-1
    27 00000015 8D 85 FFFFE2AC                  	LEA	EAX,DWORD [-7508+EBP]
    28 0000001B 6A 32                           	PUSH	50
    29 0000001D 68 00000096                     	PUSH	150
    30 00000022 50                              	PUSH	EAX
    31 00000023 E8 [00000000]                   	CALL	_api_openwin
    32 00000028 6A 03                           	PUSH	3
    33 0000002A 6A 2B                           	PUSH	43
    34 0000002C 89 C3                           	MOV	EBX,EAX
    35 0000002E 68 0000008D                     	PUSH	141
    36 00000033 6A 24                           	PUSH	36
    37 00000035 6A 08                           	PUSH	8
    38 00000037 50                              	PUSH	EAX
    39 00000038 E8 [00000000]                   	CALL	_api_boxfillwin
    40 0000003D 83 C4 2C                        	ADD	ESP,44
    41 00000040 68 [00000006]                   	PUSH	LC1
    42 00000045 6A 0C                           	PUSH	12
    43 00000047 6A 00                           	PUSH	0
    44 00000049 6A 1C                           	PUSH	28
    45 0000004B 6A 1C                           	PUSH	28
    46 0000004D 53                              	PUSH	EBX
    47 0000004E E8 [00000000]                   	CALL	_api_putstrwin
    48 00000053 E8 [00000000]                   	CALL	_api_end
    49 00000058 8B 5D FC                        	MOV	EBX,DWORD [-4+EBP]
    50 0000005B C9                              	LEAVE
    51 0000005C C3                              	RET
